00000107 A num_got_entries
bc000000 T _start
bc000400 t reset
bc000664 t CPLL_DONE
bc0006b4 t DDR_READY
bc000854 t SDRAM_INIT_DOWN
bc00085c t tRFCinit
bc000954 T relocate_code
bc0009b0 t in_ram
bc000a10 t romReserved
bc000a14 t romExcHandle
bc000a18 T init_cpu_pll
bc000b70 t CPLL_EXIT
bc000b78 T SDR_CFG0_TBL
bc000b98 T SDR_CFG1_TBL
bc000bb8 T DDR1_CFG0_TBL
bc000be0 T DDR1_CFG1_TBL
bc000c08 t DDR1_CFG2_TBL
bc000c30 t DDR1_CFG3_TBL
bc000c58 t DDR1_CFG4_TBL
bc000c80 T DDR2_CFG0_TBL
bc000ca0 T DDR2_CFG1_TBL
bc000cc0 t DDR2_CFG2_TBL
bc000ce0 t DDR2_CFG3_TBL
bc000d00 t DDR2_CFG4_TBL
bc000d20 T sbrk
bc000d70 T board_init_f
bc001030 T OperationSelect
bc0010f0 T tftp_config
bc0015c4 T trigger_hw_reset
bc0015cc T rw_rf_reg
bc0016bc T config_usb_ehciohci
bc0016f4 T board_init_r
bc002638 T hang
bc002668 T do_rw_rf
bc0027b0 t mips_count_get
bc0027b8 T timer_init
bc0027cc T get_timer
bc002810 T udelay
bc0028a0 T NetSetEther
bc002920 T ArpRequest
bc002a8c t startAgainTimeout
bc002aa8 t startAgainHandler
bc002ab0 T NetSetTimeout
bc002b14 T NetSetHandler
bc002b2c T NetStartAgain
bc002c20 T ArpTimeoutCheck
bc002cf0 T NetSendPacket
bc002d08 T NetCksum
bc002d50 T NetSetIP
bc002ec4 T NetSendUDPPacket
bc003090 T NetCksumOk
bc0030d0 T NetReceive
bc0036cc T NetEthHdrSize
bc0036d4 T copy_filename
bc003748 T ip_to_string
bc0037c8 T string_to_ip
bc00388c T getenv_IPaddr
bc0038c8 T NetLoop
bc003d74 T print_IPaddr
bc003dc0 T TftpSend
bc003fe0 t TftpHandler
bc004390 t TftpTimeout
bc004424 T TftpStart
bc0046d0 T eth_parse_enetaddr
bc004770 T eth_register
bc0047dc T eth_initialize
bc004a1c T eth_try_another
bc004a54 T eth_init
bc004b04 T eth_halt
bc004b5c T eth_send
bc004b94 T eth_rx
bc004bd0 T START_ETH
bc004c30 T STOP_ETH
bc004c98 T rt2880_free_buf_entry_dequeue
bc004ccc t rt2880_free_buf_entry_enqueue
bc004d4c T rt2880_eth_initialize
bc004f9c T IsSwitchVlanTableBusy
bc005018 T LANWANPartition
bc005020 T isDMABusy
bc005090 t rt2880_eth_init
bc0053f8 T rt_gsw_init
bc0058e8 t rt2880_eth_send
bc005aac t rt2880_eth_recv
bc005cbc T rt2880_eth_halt
bc005cd4 t delete_char
bc005e2c T readline
bc006110 T input_value
bc0061a0 T enable_mdio
bc0061d4 T mii_mgr_read
bc006374 T mii_mgr_write
bc0064fc T dump_phy_reg
bc0066b8 T rt2880_mdio_access
bc006cf0 T spic_init
bc006dfc t raspi_cmd
bc007040 t raspi_read_sr
bc0070d0 t raspi_write_sr
bc007164 t raspi_wait_ready
bc007248 t raspi_4byte_mode
bc007460 T chip_prob
bc0075d4 T raspi_init
bc00762c T raspi_erase
bc00789c T raspi_read
bc0079e4 T raspi_write
bc007d48 T raspi_erase_write
bc008168 T do_mem_cp
bc008294 T do_flerase
bc008590 T run_command
bc008a94 T main_loop
bc008ba0 T do_go
bc008c80 T print_image_hdr
bc009034 t zalloc
bc009058 t zfree
bc009070 T gunzip
bc009254 T do_bootm
bc0098f0 T send_pad
bc009948 T ktrans
bc009984 T chk1
bc0099bc T s1_sendpacket
bc009a1c T send_ack
bc009aa8 T send_nack
bc009b34 t bin_data_init
bc009b64 t bin_data_char
bc009bb0 T k_data_init
bc009bd0 T k_data_save
bc009c20 T k_data_restore
bc009c70 T k_data_char
bc009d14 T handle_send_packet
bc009f74 T do_load_serial_bin
bc00a5c0 T do_tftpb
bc00a9f0 T cmd_get_data_size
bc00aaa8 T do_mem_md
bc00ad78 T do_mem_base
bc00ade4 T do_mem_loop
bc00af6c t mod_mem
bc00b178 T do_mem_nm
bc00b1c0 T do_mem_mm
bc00b210 t envmatch
bc00b2b4 T do_printenv
bc00b524 T _do_setenv
bc00bc14 T setenv
bc00bc68 T do_setenv
bc00bcdc T getenv
bc00bdb4 T do_saveenv
bc00be10 T do_version
bc00be50 T find_cmd
bc00bf70 T do_help
bc00c200 t console_setfile
bc00c2e8 T serial_printf
bc00c340 T fgetc
bc00c378 T ftstc
bc00c3b0 T fputc
bc00c3f4 T fputs
bc00c434 T fprintf
bc00c494 T getc
bc00c4d4 T tstc
bc00c514 T putc
bc00c55c T puts
bc00c59c T printf
bc00c5f4 T vprintf
bc00c640 T ctrlc
bc00c6c4 T disable_ctrlc
bc00c6e0 T had_ctrlc
bc00c6f8 T clear_ctrlc
bc00c710 T dbg
bc00c720 T console_assign
bc00c83c T console_init_f
bc00c84c T console_init_r
bc00c9c0 T device_register
bc00ca04 T devices_init
bc00cb00 T devices_done
bc00cb40 T malloc_bin_reloc
bc00cb80 t do_check_chunk
bc00cb88 t do_check_free_chunk
bc00cb90 t do_check_inuse_chunk
bc00cb98 t do_check_malloced_chunk
bc00cba0 T malloc_trim
bc00ccc8 T free
bc00cf3c T malloc
bc00d688 T realloc
bc00dbfc T memalign
bc00dd94 T valloc
bc00ddb0 T pvalloc
bc00ddd4 T calloc
bc00dee8 T cfree
bc00df00 T malloc_usable_size
bc00df58 T mallopt
bc00dff0 T env_crc_update
bc00e040 t env_get_char_init
bc00e08c T env_get_char_memory
bc00e0c0 T env_get_addr
bc00e0f0 T env_relocate
bc00e1e0 t dummy
bc00e1e8 T get_version
bc00e1f0 T jumptable_init
bc00e290 T NewHandle
bc00e33c T DisposeHandle
bc00e398 T GetHandleSize
bc00e3a0 T SetHandleSize
bc00e468 T ListCreate
bc00e4d8 T ListDispose
bc00e4f0 T ListInsertItems
bc00e73c T ListInsertItem
bc00e754 T ListGetPtrToItem
bc00e794 T ListNumItems
bc00e7a0 T env_get_char_spec
bc00e7b0 T env_init
bc00e7d4 T spi_env_init
bc00e8a0 T saveenv
bc00e9fc T env_relocate_spec
bc00ea30 T crc32
bc00ec50 T display_options
bc00ec90 T print_size
bc00eda0 T strchr
bc00eddc T strlen
bc00ee00 T strrchr
bc00ee78 T strnlen
bc00eeb4 T memset
bc00eee0 T memcpy
bc00ef10 T memmove
bc00ef8c T memcmp
bc00efc0 T simple_strtoul
bc00f0b4 T simple_strtol
bc00f104 t skip_atoi
bc00f164 t number
bc00f3d8 T vsprintf
bc00f934 T sprintf
bc00f970 t inflate_codes_free
bc00f988 t inflate_trees_free
bc00f9ec t inflate_blocks_reset
bc00fb1c T inflateEnd
bc00fbe8 T inflateReset
bc00fc5c T inflateSync
bc00fd9c T inflateInit2
bc00ff44 T inflateInit
bc00ff5c t inflate_codes_new
bc00ffd8 T inflateIncomp
bc010164 t inflate_flush
bc010320 t huft_build
bc010888 t falloc
bc0108b8 t ffree
bc0108c0 T inflate
bc0126e8 T adler32
bc0128b0 T RangeDecoderReadByte
bc0128e4 T RangeDecoderInit
bc01296c T RangeDecoderDecodeDirectBits
bc012a28 T RangeDecoderBitDecode
bc012b3c T RangeDecoderBitTreeDecode
bc012bd0 T RangeDecoderReverseBitTreeDecode
bc012c74 T LzmaLiteralDecode
bc012ce4 T LzmaLiteralDecodeMatch
bc012dbc T LzmaLenDecode
bc012ea8 T LzmaDecode
bc01331c T lzmaBuffToBuffDecompress
bc013530 T get_ram_size
bc013664 T initdram
bc0136a0 T checkboard
bc0136e0 T serial_setbrg
bc013770 T serial_init
bc0137a8 T serial_putc
bc0137fc T serial_tstc
bc013810 T serial_getc
bc013834 T serial_puts
bc013890 T do_reset
bc0138a8 T flush_cache
bc0138b0 t linux_env_set
bc0139d8 T do_bootm_linux
bc0141c0 R version_string
bc014260 r __func__.2
bc014270 r __func__.1
bc014280 r __func__.3
bc014290 r __func__.6
bc0142a4 r __func__.7
bc0142b8 r __func__.10
bc0142cc r __func__.9
bc0142d8 r __func__.0
bc0142e8 r __func__.8
bc0142f4 r __func__.5
bc014300 r __func__.4
bc0143e0 r baudrate_table
bc014400 r p.0
bc0173b0 D NetBcastAddr
bc0173c0 d tab_seq
bc0173cc d erase_seq
bc0173d0 D load_addr
bc0173e0 D dp_last_length
bc0173f0 d mmap_threshold
bc0173f4 d trim_threshold
bc0173f8 d sbrk_base
bc017400 D default_environment
bc017470 d flash_addr
bc017480 d crc_table_empty
bc017490 d inflate_mask
bc0174d4 d border
bc017520 d cpdext
bc017598 d cpdist
bc017610 d cplext
bc01768c d cplens
bc017708 d fixed_left
bc017710 D _ctype
bc017810 d chips_data
bc017a20 D stdio_names
bc017a2c d av_
bc017e34 D env_get_char
bc017e38 D env_name_spec
bc017e3c D z_errmsg
bc017e5c D zlib_version
bc017e60 A _gp
bc017e60 D _GLOBAL_OFFSET_TABLE_
bc017e60 D __got_start
bc01827c A __u_boot_cmd_start
bc01827c D __got_end
bc01827c D __u_boot_cmd_rf
bc018294 D __u_boot_cmd_mdio
bc0182ac D __u_boot_cmd_erase
bc0182c4 D __u_boot_cmd_cp
bc0182dc D __u_boot_cmd_reset
bc0182f4 D __u_boot_cmd_go
bc01830c D __u_boot_cmd_bootm
bc018324 D __u_boot_cmd_loadb
bc01833c D __u_boot_cmd_tftpboot
bc018354 D __u_boot_cmd_nm
bc01836c D __u_boot_cmd_mm
bc018384 D __u_boot_cmd_md
bc01839c D __u_boot_cmd_saveenv
bc0183b4 D __u_boot_cmd_setenv
bc0183cc D __u_boot_cmd_printenv
bc0183e4 D __u_boot_cmd_question_mark
bc0183fc D __u_boot_cmd_help
bc018414 D __u_boot_cmd_version
bc01842c A __u_boot_cmd_end
bc01842c A uboot_end_data
bc018440 B modifies
bc018444 b mem_malloc_start
bc018448 b mem_malloc_end
bc01844c b mem_malloc_brk
bc018450 b file_name_space
bc0184d0 B NetTxPacket
bc0184d4 B NetEtherNullAddr
bc0184dc B NetServerEther
bc0184e2 B NetBootFileSize
bc0184e4 B NetOurRootPath
bc018524 B NetOurHostName
bc018544 B NetOurNISDomain
bc018564 B NetOurDNSIP
bc018568 B NetOurGatewayIP
bc01856c B NetOurSubnetMask
bc018570 b packetHandler
bc018574 b timeHandler
bc018578 b timeStart
bc01857c b timeDelta
bc018580 b TftpServerPort
bc018584 b TftpOurPort
bc018588 b TftpTimeoutCount
bc01858c b TftpBlock
bc018590 b TftpLastBlock
bc018594 b TftpBlockWrap
bc018598 b TftpBlockWrapOffset
bc01859c b TftpState
bc0185a0 b default_filename
bc0185b0 b tftp_filename
bc0185c0 b first_failed.0
bc0185c4 b eth_devices
bc0185c8 b eth_current
bc0185e0 b rt2880_free_buf
bc0188c0 b tx_ring0_cache
bc018a40 b rx_ring_cache
bc018bc0 b rx_dma_owner_idx0
bc018bc4 b rx_wants_alloc_idx0
bc018bc8 b tx_cpu_owner_idx0
bc018bcc b rx_ring
bc018bd0 b tx_ring0
bc018bd4 b rxRingSize
bc018bd5 b txRingSize
bc018bd8 b rt2880_eth_initd
bc018bdc b PKT_HEADER_Buf_Pool
bc02f420 B spi_chip_info
bc02f424 b spi_wait_nsec
bc02f430 b lastcommand.0
bc02f530 b a_b
bc02f548 b os_data_state
bc02f54c b os_data_state_saved
bc02f550 b os_data_count_saved
bc02f554 b os_data_addr
bc02f558 b os_data_addr_saved
bc02f55c b bin_start_address
bc02f560 b k_data_escape
bc02f564 b k_data_escape_saved
bc02f570 b base_address
bc02f580 b ctrlc_was_pressed
bc02f584 b ctrlc_disabled
bc02f590 B stdio_devices
bc02f59c B devlist
bc02f5a0 b n_mmaps_max
bc02f5a4 b top_pad
bc02f5a8 b current_mallinfo
bc02f5d0 b max_total_mem
bc02f5d4 b mmapped_mem
bc02f5d8 b max_sbrked_mem
bc02f5e0 b crc_table
bc02f9e0 b fixed_built
bc02f9e4 b fixed_lock
bc02f9e8 b fixed_mem
bc030a78 b fixed_bl
bc030a7c b fixed_bd
bc030a80 b fixed_tl
bc030a84 b fixed_td
bc030a90 b linux_argc
bc030a94 b linux_argv
bc030a98 b linux_env
bc030a9c b linux_env_p
bc030aa0 b linux_env_idx
bc030ab0 B gd_data
bc030ad4 B Pkt_Buf_Pool
bc047f14 B NetRxPackets
bc048004 B BootFile
bc048084 B NetArpWaitPacketBuf
bc0486c4 B console_buffer
bc0487c4 B console_history
bc0491c4 B header
bc049204 B os_data_header
bc049224 B send_parms
bc049238 A uboot_end
bc049238 C monitor_flash_len
bc04923c C mips_bus_feq
bc049240 C mips_cpu_feq
bc049244 C NetArpWaitTry
bc049248 C NetArpWaitPacketMAC
bc04924c C NetOurEther
bc049254 C NetOurIP
bc049258 C NetServerIP
bc04925c C NetArpWaitTxPacketSize
bc049260 C NetArpWaitReplyIP
bc049264 C NetArpWaitTxPacket
bc049268 C NetArpWaitPacketIP
bc04926c C NetState
bc049270 C NetIPID
bc049274 C NetRxPkt
bc049278 C NetRxPktLen
bc04927c C NetBootFileXferSize
bc049280 C PktBuf
bc049284 C NetArpWaitTimerStart
bc049288 C TftpStarted
bc04928c C rt2880_free_buf_list
bc049294 C PKT_HEADER_Buf
bc049298 C rt2880_pdev
bc04929c C rt2880_busing_buf_list
bc0492a4 C his_pad_char
bc0492a8 C os_data_count
bc0492ac C os_data_init
bc0492b0 C send_ptr
bc0492b4 C os_data_char
bc0492b8 C his_eol
bc0492b9 C his_quote
bc0492bc C his_pad_count
bc0492c0 C dp_last_size
bc0492c4 C dp_last_addr
bc0492c8 C mm_last_size
bc0492cc C mm_last_addr
bc0492d0 C env_ptr
bc0492d4 C ___strtok
